// Vitest Snapshot v1, https://vitest.dev/guide/snapshot.html

exports[`plan > is the inventory the dry-run CLI prints 1`] = `
{
  "component": [
    "button/filled-danger-background-active",
    "button/filled-danger-background-disabled",
    "button/filled-danger-background-hover",
    "button/filled-danger-background-loading",
    "button/filled-danger-background-rest",
    "button/filled-danger-focusRing-focus",
    "button/filled-danger-foreground-disabled",
    "button/filled-danger-foreground-hover",
    "button/filled-danger-foreground-loading",
    "button/filled-danger-foreground-rest",
    "button/filled-primary-background-active",
    "button/filled-primary-background-disabled",
    "button/filled-primary-background-hover",
    "button/filled-primary-background-loading",
    "button/filled-primary-background-rest",
    "button/filled-primary-focusRing-focus",
    "button/filled-primary-foreground-disabled",
    "button/filled-primary-foreground-hover",
    "button/filled-primary-foreground-loading",
    "button/filled-primary-foreground-rest",
    "button/filled-secondary-background-active",
    "button/filled-secondary-background-disabled",
    "button/filled-secondary-background-hover",
    "button/filled-secondary-background-loading",
    "button/filled-secondary-background-rest",
    "button/filled-secondary-focusRing-focus",
    "button/filled-secondary-foreground-disabled",
    "button/filled-secondary-foreground-hover",
    "button/filled-secondary-foreground-loading",
    "button/filled-secondary-foreground-rest",
    "button/ghost-danger-background-active",
    "button/ghost-danger-background-disabled",
    "button/ghost-danger-background-hover",
    "button/ghost-danger-background-loading",
    "button/ghost-danger-background-rest",
    "button/ghost-danger-focusRing-focus",
    "button/ghost-danger-foreground-disabled",
    "button/ghost-danger-foreground-hover",
    "button/ghost-danger-foreground-loading",
    "button/ghost-danger-foreground-rest",
    "button/ghost-primary-background-active",
    "button/ghost-primary-background-disabled",
    "button/ghost-primary-background-hover",
    "button/ghost-primary-background-loading",
    "button/ghost-primary-background-rest",
    "button/ghost-primary-focusRing-focus",
    "button/ghost-primary-foreground-disabled",
    "button/ghost-primary-foreground-hover",
    "button/ghost-primary-foreground-loading",
    "button/ghost-primary-foreground-rest",
    "button/ghost-secondary-background-active",
    "button/ghost-secondary-background-disabled",
    "button/ghost-secondary-background-hover",
    "button/ghost-secondary-background-loading",
    "button/ghost-secondary-background-rest",
    "button/ghost-secondary-focusRing-focus",
    "button/ghost-secondary-foreground-disabled",
    "button/ghost-secondary-foreground-hover",
    "button/ghost-secondary-foreground-loading",
    "button/ghost-secondary-foreground-rest",
    "button/outlined-danger-background-active",
    "button/outlined-danger-background-disabled",
    "button/outlined-danger-background-hover",
    "button/outlined-danger-background-loading",
    "button/outlined-danger-background-rest",
    "button/outlined-danger-border-active",
    "button/outlined-danger-border-disabled",
    "button/outlined-danger-border-hover",
    "button/outlined-danger-border-rest",
    "button/outlined-danger-focusRing-focus",
    "button/outlined-danger-foreground-disabled",
    "button/outlined-danger-foreground-hover",
    "button/outlined-danger-foreground-loading",
    "button/outlined-danger-foreground-rest",
    "button/outlined-primary-background-active",
    "button/outlined-primary-background-disabled",
    "button/outlined-primary-background-hover",
    "button/outlined-primary-background-loading",
    "button/outlined-primary-background-rest",
    "button/outlined-primary-border-active",
    "button/outlined-primary-border-disabled",
    "button/outlined-primary-border-hover",
    "button/outlined-primary-border-rest",
    "button/outlined-primary-focusRing-focus",
    "button/outlined-primary-foreground-disabled",
    "button/outlined-primary-foreground-hover",
    "button/outlined-primary-foreground-loading",
    "button/outlined-primary-foreground-rest",
    "button/outlined-secondary-background-active",
    "button/outlined-secondary-background-disabled",
    "button/outlined-secondary-background-hover",
    "button/outlined-secondary-background-loading",
    "button/outlined-secondary-background-rest",
    "button/outlined-secondary-border-active",
    "button/outlined-secondary-border-disabled",
    "button/outlined-secondary-border-hover",
    "button/outlined-secondary-border-rest",
    "button/outlined-secondary-focusRing-focus",
    "button/outlined-secondary-foreground-disabled",
    "button/outlined-secondary-foreground-hover",
    "button/outlined-secondary-foreground-loading",
    "button/outlined-secondary-foreground-rest",
    "button/text-danger-background-active",
    "button/text-danger-background-disabled",
    "button/text-danger-background-hover",
    "button/text-danger-background-loading",
    "button/text-danger-background-rest",
    "button/text-danger-focusRing-focus",
    "button/text-danger-foreground-disabled",
    "button/text-danger-foreground-hover",
    "button/text-danger-foreground-loading",
    "button/text-danger-foreground-rest",
    "button/text-primary-background-active",
    "button/text-primary-background-disabled",
    "button/text-primary-background-hover",
    "button/text-primary-background-loading",
    "button/text-primary-background-rest",
    "button/text-primary-focusRing-focus",
    "button/text-primary-foreground-disabled",
    "button/text-primary-foreground-hover",
    "button/text-primary-foreground-loading",
    "button/text-primary-foreground-rest",
    "button/text-secondary-background-active",
    "button/text-secondary-background-disabled",
    "button/text-secondary-background-hover",
    "button/text-secondary-background-loading",
    "button/text-secondary-background-rest",
    "button/text-secondary-focusRing-focus",
    "button/text-secondary-foreground-disabled",
    "button/text-secondary-foreground-hover",
    "button/text-secondary-foreground-loading",
    "button/text-secondary-foreground-rest",
    "checkbox/filled-neutral-background-checked",
    "checkbox/filled-neutral-background-disabled",
    "checkbox/filled-neutral-background-hover",
    "checkbox/filled-neutral-background-rest",
    "checkbox/filled-neutral-border-checked",
    "checkbox/filled-neutral-border-disabled",
    "checkbox/filled-neutral-border-hover",
    "checkbox/filled-neutral-border-rest",
    "checkbox/filled-neutral-focusRing-focus",
    "checkbox/filled-neutral-icon-checked",
    "checkbox/filled-neutral-icon-disabled",
    "checkbox/filled-primary-background-checked",
    "checkbox/filled-primary-background-disabled",
    "checkbox/filled-primary-background-hover",
    "checkbox/filled-primary-background-rest",
    "checkbox/filled-primary-border-checked",
    "checkbox/filled-primary-border-disabled",
    "checkbox/filled-primary-border-hover",
    "checkbox/filled-primary-border-rest",
    "checkbox/filled-primary-focusRing-focus",
    "checkbox/filled-primary-icon-checked",
    "checkbox/filled-primary-icon-disabled",
    "checkbox/outlined-neutral-background-checked",
    "checkbox/outlined-neutral-background-disabled",
    "checkbox/outlined-neutral-background-hover",
    "checkbox/outlined-neutral-background-rest",
    "checkbox/outlined-neutral-border-checked",
    "checkbox/outlined-neutral-border-disabled",
    "checkbox/outlined-neutral-border-hover",
    "checkbox/outlined-neutral-border-rest",
    "checkbox/outlined-neutral-focusRing-focus",
    "checkbox/outlined-neutral-icon-checked",
    "checkbox/outlined-neutral-icon-disabled",
    "checkbox/outlined-primary-background-checked",
    "checkbox/outlined-primary-background-disabled",
    "checkbox/outlined-primary-background-hover",
    "checkbox/outlined-primary-background-rest",
    "checkbox/outlined-primary-border-checked",
    "checkbox/outlined-primary-border-disabled",
    "checkbox/outlined-primary-border-hover",
    "checkbox/outlined-primary-border-rest",
    "checkbox/outlined-primary-focusRing-focus",
    "checkbox/outlined-primary-icon-checked",
    "checkbox/outlined-primary-icon-disabled",
    "input/outlined-danger-background-disabled",
    "input/outlined-danger-background-hover",
    "input/outlined-danger-background-rest",
    "input/outlined-danger-border-disabled",
    "input/outlined-danger-border-focus",
    "input/outlined-danger-border-hover",
    "input/outlined-danger-border-rest",
    "input/outlined-danger-focusRing-focus",
    "input/outlined-danger-foreground-disabled",
    "input/outlined-danger-foreground-rest",
    "input/outlined-danger-label-disabled",
    "input/outlined-danger-label-rest",
    "input/outlined-neutral-background-disabled",
    "input/outlined-neutral-background-hover",
    "input/outlined-neutral-background-rest",
    "input/outlined-neutral-border-disabled",
    "input/outlined-neutral-border-focus",
    "input/outlined-neutral-border-hover",
    "input/outlined-neutral-border-rest",
    "input/outlined-neutral-focusRing-focus",
    "input/outlined-neutral-foreground-disabled",
    "input/outlined-neutral-foreground-rest",
    "input/outlined-neutral-label-disabled",
    "input/outlined-neutral-label-rest",
    "input/outlined-primary-background-disabled",
    "input/outlined-primary-background-hover",
    "input/outlined-primary-background-rest",
    "input/outlined-primary-border-disabled",
    "input/outlined-primary-border-focus",
    "input/outlined-primary-border-hover",
    "input/outlined-primary-border-rest",
    "input/outlined-primary-focusRing-focus",
    "input/outlined-primary-foreground-disabled",
    "input/outlined-primary-foreground-rest",
    "input/outlined-primary-label-disabled",
    "input/outlined-primary-label-rest",
    "input/soft-danger-background-disabled",
    "input/soft-danger-background-hover",
    "input/soft-danger-background-rest",
    "input/soft-danger-border-disabled",
    "input/soft-danger-border-focus",
    "input/soft-danger-border-hover",
    "input/soft-danger-border-rest",
    "input/soft-danger-focusRing-focus",
    "input/soft-danger-foreground-disabled",
    "input/soft-danger-foreground-rest",
    "input/soft-danger-label-disabled",
    "input/soft-danger-label-rest",
    "input/soft-neutral-background-disabled",
    "input/soft-neutral-background-hover",
    "input/soft-neutral-background-rest",
    "input/soft-neutral-border-disabled",
    "input/soft-neutral-border-focus",
    "input/soft-neutral-border-hover",
    "input/soft-neutral-border-rest",
    "input/soft-neutral-focusRing-focus",
    "input/soft-neutral-foreground-disabled",
    "input/soft-neutral-foreground-rest",
    "input/soft-neutral-label-disabled",
    "input/soft-neutral-label-rest",
    "input/soft-primary-background-disabled",
    "input/soft-primary-background-hover",
    "input/soft-primary-background-rest",
    "input/soft-primary-border-disabled",
    "input/soft-primary-border-focus",
    "input/soft-primary-border-hover",
    "input/soft-primary-border-rest",
    "input/soft-primary-focusRing-focus",
    "input/soft-primary-foreground-disabled",
    "input/soft-primary-foreground-rest",
    "input/soft-primary-label-disabled",
    "input/soft-primary-label-rest",
    "link/text-neutral-focusRing-focus",
    "link/text-neutral-foreground-active",
    "link/text-neutral-foreground-disabled",
    "link/text-neutral-foreground-hover",
    "link/text-neutral-foreground-rest",
    "link/text-primary-focusRing-focus",
    "link/text-primary-foreground-active",
    "link/text-primary-foreground-disabled",
    "link/text-primary-foreground-hover",
    "link/text-primary-foreground-rest",
    "switch/filled-neutral-background-checked",
    "switch/filled-neutral-background-disabled",
    "switch/filled-neutral-background-rest",
    "switch/filled-neutral-focusRing-focus",
    "switch/filled-neutral-foreground-checked",
    "switch/filled-neutral-foreground-disabled",
    "switch/filled-neutral-foreground-rest",
    "switch/filled-primary-background-checked",
    "switch/filled-primary-background-disabled",
    "switch/filled-primary-background-rest",
    "switch/filled-primary-focusRing-focus",
    "switch/filled-primary-foreground-checked",
    "switch/filled-primary-foreground-disabled",
    "switch/filled-primary-foreground-rest",
    "tag/filled-danger-background-disabled",
    "tag/filled-danger-background-hover",
    "tag/filled-danger-background-rest",
    "tag/filled-danger-foreground-disabled",
    "tag/filled-danger-foreground-rest",
    "tag/filled-neutral-background-disabled",
    "tag/filled-neutral-background-hover",
    "tag/filled-neutral-background-rest",
    "tag/filled-neutral-foreground-disabled",
    "tag/filled-neutral-foreground-rest",
    "tag/filled-primary-background-disabled",
    "tag/filled-primary-background-hover",
    "tag/filled-primary-background-rest",
    "tag/filled-primary-foreground-disabled",
    "tag/filled-primary-foreground-rest",
    "tag/filled-success-background-disabled",
    "tag/filled-success-background-hover",
    "tag/filled-success-background-rest",
    "tag/filled-success-foreground-disabled",
    "tag/filled-success-foreground-rest",
    "tag/outlined-danger-background-disabled",
    "tag/outlined-danger-background-hover",
    "tag/outlined-danger-background-rest",
    "tag/outlined-danger-border-disabled",
    "tag/outlined-danger-border-hover",
    "tag/outlined-danger-border-rest",
    "tag/outlined-danger-foreground-disabled",
    "tag/outlined-danger-foreground-rest",
    "tag/outlined-neutral-background-disabled",
    "tag/outlined-neutral-background-hover",
    "tag/outlined-neutral-background-rest",
    "tag/outlined-neutral-border-disabled",
    "tag/outlined-neutral-border-hover",
    "tag/outlined-neutral-border-rest",
    "tag/outlined-neutral-foreground-disabled",
    "tag/outlined-neutral-foreground-rest",
    "tag/outlined-primary-background-disabled",
    "tag/outlined-primary-background-hover",
    "tag/outlined-primary-background-rest",
    "tag/outlined-primary-border-disabled",
    "tag/outlined-primary-border-hover",
    "tag/outlined-primary-border-rest",
    "tag/outlined-primary-foreground-disabled",
    "tag/outlined-primary-foreground-rest",
    "tag/outlined-success-background-disabled",
    "tag/outlined-success-background-hover",
    "tag/outlined-success-background-rest",
    "tag/outlined-success-border-disabled",
    "tag/outlined-success-border-hover",
    "tag/outlined-success-border-rest",
    "tag/outlined-success-foreground-disabled",
    "tag/outlined-success-foreground-rest",
    "tag/soft-danger-background-disabled",
    "tag/soft-danger-background-hover",
    "tag/soft-danger-background-rest",
    "tag/soft-danger-foreground-disabled",
    "tag/soft-danger-foreground-rest",
    "tag/soft-neutral-background-disabled",
    "tag/soft-neutral-background-hover",
    "tag/soft-neutral-background-rest",
    "tag/soft-neutral-foreground-disabled",
    "tag/soft-neutral-foreground-rest",
    "tag/soft-primary-background-disabled",
    "tag/soft-primary-background-hover",
    "tag/soft-primary-background-rest",
    "tag/soft-primary-foreground-disabled",
    "tag/soft-primary-foreground-rest",
    "tag/soft-success-background-disabled",
    "tag/soft-success-background-hover",
    "tag/soft-success-background-rest",
    "tag/soft-success-foreground-disabled",
    "tag/soft-success-foreground-rest",
  ],
  "effect": [
    "effect/glow-top",
    "effect/glow-bottom",
    "effect/lineShadow-bottom",
    "effect/lineShadow-bottomDeep",
    "effect/lineShadow-all",
    "effect/softLight-all",
  ],
  "effectSwitch": [
    "effect/glow-top",
    "effect/glow-bottom",
    "effect/lineShadow-bottom",
    "effect/lineShadow-bottomDeep",
    "effect/lineShadow-all",
    "effect/softLight-all",
  ],
  "palette": [
    "primary/s1",
    "primary/s2",
    "primary/s3",
    "primary/s4",
    "primary/s5",
    "primary/s6",
    "primary/s7",
    "primary/s8",
    "primary/s9",
    "primary/s10",
    "primary/s11",
    "primary/s12",
    "success/s1",
    "success/s2",
    "success/s3",
    "success/s4",
    "success/s5",
    "success/s6",
    "success/s7",
    "success/s8",
    "success/s9",
    "success/s10",
    "success/s11",
    "success/s12",
    "warning/s1",
    "warning/s2",
    "warning/s3",
    "warning/s4",
    "warning/s5",
    "warning/s6",
    "warning/s7",
    "warning/s8",
    "warning/s9",
    "warning/s10",
    "warning/s11",
    "warning/s12",
    "error/s1",
    "error/s2",
    "error/s3",
    "error/s4",
    "error/s5",
    "error/s6",
    "error/s7",
    "error/s8",
    "error/s9",
    "error/s10",
    "error/s11",
    "error/s12",
    "info/s1",
    "info/s2",
    "info/s3",
    "info/s4",
    "info/s5",
    "info/s6",
    "info/s7",
    "info/s8",
    "info/s9",
    "info/s10",
    "info/s11",
    "info/s12",
    "neutral/s1",
    "neutral/s2",
    "neutral/s3",
    "neutral/s4",
    "neutral/s5",
    "neutral/s6",
    "neutral/s7",
    "neutral/s8",
    "neutral/s9",
    "neutral/s10",
    "neutral/s11",
    "neutral/s12",
    "neutral/s13",
    "neutral/s14",
  ],
  "scaleContrast": [
    "size/none",
    "size/xs",
    "size/sm",
    "size/md",
    "size/lg",
    "size/xl",
    "size/xxl",
    "size/xxxl",
    "size/max",
    "gap/none",
    "gap/xs",
    "gap/sm",
    "gap/md",
    "gap/lg",
    "gap/xl",
    "gap/xxl",
    "gap/xxxl",
    "gap/max",
    "padding/none",
    "padding/xs",
    "padding/sm",
    "padding/md",
    "padding/lg",
    "padding/xl",
    "padding/xxl",
    "padding/xxxl",
    "padding/max",
    "radius/none",
    "radius/xs",
    "radius/sm",
    "radius/md",
    "radius/lg",
    "radius/xl",
    "radius/xxl",
    "radius/xxxl",
    "radius/max",
    "thickness/none",
    "thickness/xs",
    "thickness/sm",
    "thickness/md",
    "thickness/lg",
    "lineHeight/none",
    "lineHeight/xs",
    "lineHeight/sm",
    "lineHeight/md",
    "lineHeight/lg",
    "lineHeight/xl",
    "lineHeight/xxl",
    "lineHeight/xxxl",
    "lineHeight/max",
    "weight/light",
    "weight/semilight",
    "weight/regular",
    "weight/medium",
    "weight/semibold",
    "weight/bold",
    "transparency/loading",
    "transparency/disabled",
    "transparency/placeholder",
  ],
  "scaleDensity": [
    "size/none",
    "size/xs",
    "size/sm",
    "size/md",
    "size/lg",
    "size/xl",
    "size/xxl",
    "size/xxxl",
    "size/max",
    "gap/none",
    "gap/xs",
    "gap/sm",
    "gap/md",
    "gap/lg",
    "gap/xl",
    "gap/xxl",
    "gap/xxxl",
    "gap/max",
    "padding/none",
    "padding/xs",
    "padding/sm",
    "padding/md",
    "padding/lg",
    "padding/xl",
    "padding/xxl",
    "padding/xxxl",
    "padding/max",
    "radius/none",
    "radius/xs",
    "radius/sm",
    "radius/md",
    "radius/lg",
    "radius/xl",
    "radius/xxl",
    "radius/xxxl",
    "radius/max",
    "thickness/none",
    "thickness/xs",
    "thickness/sm",
    "thickness/md",
    "thickness/lg",
    "lineHeight/none",
    "lineHeight/xs",
    "lineHeight/sm",
    "lineHeight/md",
    "lineHeight/lg",
    "lineHeight/xl",
    "lineHeight/xxl",
    "lineHeight/xxxl",
    "lineHeight/max",
    "weight/light",
    "weight/semilight",
    "weight/regular",
    "weight/medium",
    "weight/semibold",
    "weight/bold",
    "transparency/loading",
    "transparency/disabled",
    "transparency/placeholder",
  ],
  "scaleStatic": [
    "size/none",
    "size/xs",
    "size/sm",
    "size/md",
    "size/lg",
    "size/xl",
    "size/xxl",
    "size/xxxl",
    "size/max",
    "gap/none",
    "gap/xs",
    "gap/sm",
    "gap/md",
    "gap/lg",
    "gap/xl",
    "gap/xxl",
    "gap/xxxl",
    "gap/max",
    "padding/none",
    "padding/xs",
    "padding/sm",
    "padding/md",
    "padding/lg",
    "padding/xl",
    "padding/xxl",
    "padding/xxxl",
    "padding/max",
    "radius/none",
    "radius/xs",
    "radius/sm",
    "radius/md",
    "radius/lg",
    "radius/xl",
    "radius/xxl",
    "radius/xxxl",
    "radius/max",
    "thickness/none",
    "thickness/xs",
    "thickness/sm",
    "thickness/md",
    "thickness/lg",
    "lineHeight/none",
    "lineHeight/xs",
    "lineHeight/sm",
    "lineHeight/md",
    "lineHeight/lg",
    "lineHeight/xl",
    "lineHeight/xxl",
    "lineHeight/xxxl",
    "lineHeight/max",
    "weight/light",
    "weight/semilight",
    "weight/regular",
    "weight/medium",
    "weight/semibold",
    "weight/bold",
    "transparency/loading",
    "transparency/disabled",
    "transparency/placeholder",
  ],
  "semantic": [
    "border/theme-primary",
    "border/theme-secondary",
    "border/theme-tertiary",
    "border/theme-soft",
    "border/theme-focus",
    "border/normal-primary",
    "border/normal-secondary",
    "border/normal-tertiary",
    "border/normal-soft",
    "border/normal-focus",
    "border/success-primary",
    "border/success-secondary",
    "border/success-tertiary",
    "border/success-soft",
    "border/success-focus",
    "border/warning-primary",
    "border/warning-secondary",
    "border/warning-tertiary",
    "border/warning-soft",
    "border/warning-focus",
    "border/error-primary",
    "border/error-secondary",
    "border/error-tertiary",
    "border/error-soft",
    "border/error-focus",
    "border/info-primary",
    "border/info-secondary",
    "border/info-tertiary",
    "border/info-soft",
    "border/info-focus",
    "box/theme-primary",
    "box/theme-secondary",
    "box/theme-soft",
    "box/theme-canvas",
    "box/theme-inverse",
    "box/theme-muted",
    "box/normal-primary",
    "box/normal-secondary",
    "box/normal-soft",
    "box/normal-canvas",
    "box/normal-inverse",
    "box/normal-muted",
    "box/success-primary",
    "box/success-secondary",
    "box/success-soft",
    "box/success-canvas",
    "box/success-inverse",
    "box/success-muted",
    "box/warning-primary",
    "box/warning-secondary",
    "box/warning-soft",
    "box/warning-canvas",
    "box/warning-inverse",
    "box/warning-muted",
    "box/error-primary",
    "box/error-secondary",
    "box/error-soft",
    "box/error-canvas",
    "box/error-inverse",
    "box/error-muted",
    "box/info-primary",
    "box/info-secondary",
    "box/info-soft",
    "box/info-canvas",
    "box/info-inverse",
    "box/info-muted",
    "control/theme-primary",
    "control/theme-soft",
    "control/theme-muted",
    "control/theme-canvas",
    "control/theme-inverse",
    "control/normal-primary",
    "control/normal-soft",
    "control/normal-muted",
    "control/normal-canvas",
    "control/normal-inverse",
    "control/success-primary",
    "control/success-soft",
    "control/success-muted",
    "control/success-canvas",
    "control/success-inverse",
    "control/warning-primary",
    "control/warning-soft",
    "control/warning-muted",
    "control/warning-canvas",
    "control/warning-inverse",
    "control/error-primary",
    "control/error-soft",
    "control/error-muted",
    "control/error-canvas",
    "control/error-inverse",
    "control/info-primary",
    "control/info-soft",
    "control/info-muted",
    "control/info-canvas",
    "control/info-inverse",
    "text/theme-primary",
    "text/theme-secondary",
    "text/theme-tertiary",
    "text/theme-muted",
    "text/theme-inverse",
    "text/theme-onColor",
    "text/theme-title",
    "text/theme-caption",
    "text/theme-disabled",
    "text/normal-primary",
    "text/normal-secondary",
    "text/normal-tertiary",
    "text/normal-muted",
    "text/normal-inverse",
    "text/normal-onColor",
    "text/normal-title",
    "text/normal-caption",
    "text/normal-disabled",
    "text/success-primary",
    "text/success-secondary",
    "text/success-tertiary",
    "text/success-muted",
    "text/success-inverse",
    "text/success-onColor",
    "text/success-title",
    "text/success-caption",
    "text/success-disabled",
    "text/warning-primary",
    "text/warning-secondary",
    "text/warning-tertiary",
    "text/warning-muted",
    "text/warning-inverse",
    "text/warning-onColor",
    "text/warning-title",
    "text/warning-caption",
    "text/warning-disabled",
    "text/error-primary",
    "text/error-secondary",
    "text/error-tertiary",
    "text/error-muted",
    "text/error-inverse",
    "text/error-onColor",
    "text/error-title",
    "text/error-caption",
    "text/error-disabled",
    "text/info-primary",
    "text/info-secondary",
    "text/info-tertiary",
    "text/info-muted",
    "text/info-inverse",
    "text/info-onColor",
    "text/info-title",
    "text/info-caption",
    "text/info-disabled",
  ],
}
`;
