// Vitest Snapshot v1, https://vitest.dev/guide/snapshot.html

exports[`expansion snapshot > locks the curated templates at full axes 1`] = `
[
  "component/button/primary-background-rest COLOR",
  "component/button/primary-background-hover COLOR",
  "component/button/primary-background-active COLOR",
  "component/button/primary-background-focus COLOR",
  "component/button/primary-background-disabled COLOR",
  "component/button/primary-background-loading COLOR",
  "component/button/primary-foreground-rest COLOR",
  "component/button/primary-foreground-hover COLOR",
  "component/button/primary-foreground-active COLOR",
  "component/button/primary-foreground-focus COLOR",
  "component/button/primary-foreground-disabled COLOR",
  "component/button/primary-foreground-loading COLOR",
  "component/button/primary-border-rest COLOR",
  "component/button/primary-border-hover COLOR",
  "component/button/primary-border-active COLOR",
  "component/button/primary-border-focus COLOR",
  "component/button/primary-border-disabled COLOR",
  "component/button/primary-border-loading COLOR",
  "component/button/primary-icon-rest COLOR",
  "component/button/primary-icon-hover COLOR",
  "component/button/primary-icon-active COLOR",
  "component/button/primary-icon-focus COLOR",
  "component/button/primary-icon-disabled COLOR",
  "component/button/primary-icon-loading COLOR",
  "component/button/primary-focusRing-focus COLOR",
  "component/button/primary-gloss-rest COLOR",
  "component/button/primary-gloss-hover COLOR",
  "component/button/primary-gloss-active COLOR",
  "component/button/primary-gloss-focus COLOR",
  "component/button/second-background-rest COLOR",
  "component/button/second-background-hover COLOR",
  "component/button/second-background-active COLOR",
  "component/button/second-background-focus COLOR",
  "component/button/second-background-disabled COLOR",
  "component/button/second-background-loading COLOR",
  "component/button/second-foreground-rest COLOR",
  "component/button/second-foreground-hover COLOR",
  "component/button/second-foreground-active COLOR",
  "component/button/second-foreground-focus COLOR",
  "component/button/second-foreground-disabled COLOR",
  "component/button/second-foreground-loading COLOR",
  "component/button/second-border-rest COLOR",
  "component/button/second-border-hover COLOR",
  "component/button/second-border-active COLOR",
  "component/button/second-border-focus COLOR",
  "component/button/second-border-disabled COLOR",
  "component/button/second-border-loading COLOR",
  "component/button/second-icon-rest COLOR",
  "component/button/second-icon-hover COLOR",
  "component/button/second-icon-active COLOR",
  "component/button/second-icon-focus COLOR",
  "component/button/second-icon-disabled COLOR",
  "component/button/second-icon-loading COLOR",
  "component/button/second-focusRing-focus COLOR",
  "component/button/second-gloss-rest COLOR",
  "component/button/second-gloss-hover COLOR",
  "component/button/second-gloss-active COLOR",
  "component/button/second-gloss-focus COLOR",
  "component/button/default-background-rest COLOR",
  "component/button/default-background-hover COLOR",
  "component/button/default-background-active COLOR",
  "component/button/default-background-focus COLOR",
  "component/button/default-background-disabled COLOR",
  "component/button/default-background-loading COLOR",
  "component/button/default-foreground-rest COLOR",
  "component/button/default-foreground-hover COLOR",
  "component/button/default-foreground-active COLOR",
  "component/button/default-foreground-focus COLOR",
  "component/button/default-foreground-disabled COLOR",
  "component/button/default-foreground-loading COLOR",
  "component/button/default-icon-rest COLOR",
  "component/button/default-icon-hover COLOR",
  "component/button/default-icon-active COLOR",
  "component/button/default-icon-focus COLOR",
  "component/button/default-icon-disabled COLOR",
  "component/button/default-icon-loading COLOR",
  "component/button/default-focusRing-focus COLOR",
  "component/button/default-gloss-rest COLOR",
  "component/button/default-gloss-hover COLOR",
  "component/button/default-gloss-active COLOR",
  "component/button/default-gloss-focus COLOR",
  "component/button/defaultCustom-background-rest COLOR",
  "component/button/defaultCustom-background-hover COLOR",
  "component/button/defaultCustom-background-active COLOR",
  "component/button/defaultCustom-background-focus COLOR",
  "component/button/defaultCustom-background-disabled COLOR",
  "component/button/defaultCustom-background-loading COLOR",
  "component/button/defaultCustom-foreground-rest COLOR",
  "component/button/defaultCustom-foreground-hover COLOR",
  "component/button/defaultCustom-foreground-active COLOR",
  "component/button/defaultCustom-foreground-focus COLOR",
  "component/button/defaultCustom-foreground-disabled COLOR",
  "component/button/defaultCustom-foreground-loading COLOR",
  "component/button/defaultCustom-icon-rest COLOR",
  "component/button/defaultCustom-icon-hover COLOR",
  "component/button/defaultCustom-icon-active COLOR",
  "component/button/defaultCustom-icon-focus COLOR",
  "component/button/defaultCustom-icon-disabled COLOR",
  "component/button/defaultCustom-icon-loading COLOR",
  "component/button/defaultCustom-focusRing-focus COLOR",
  "component/button/defaultCustom-gloss-rest COLOR",
  "component/button/defaultCustom-gloss-hover COLOR",
  "component/button/defaultCustom-gloss-active COLOR",
  "component/button/defaultCustom-gloss-focus COLOR",
  "component/button/noBackground-background-rest COLOR",
  "component/button/noBackground-background-hover COLOR",
  "component/button/noBackground-background-active COLOR",
  "component/button/noBackground-background-focus COLOR",
  "component/button/noBackground-background-disabled COLOR",
  "component/button/noBackground-background-loading COLOR",
  "component/button/noBackground-foreground-rest COLOR",
  "component/button/noBackground-foreground-hover COLOR",
  "component/button/noBackground-foreground-active COLOR",
  "component/button/noBackground-foreground-focus COLOR",
  "component/button/noBackground-foreground-disabled COLOR",
  "component/button/noBackground-foreground-loading COLOR",
  "component/button/noBackground-icon-rest COLOR",
  "component/button/noBackground-icon-hover COLOR",
  "component/button/noBackground-icon-active COLOR",
  "component/button/noBackground-icon-focus COLOR",
  "component/button/noBackground-icon-disabled COLOR",
  "component/button/noBackground-icon-loading COLOR",
  "component/button/noBackground-focusRing-focus COLOR",
  "component/button/noBackgroundCustom-background-rest COLOR",
  "component/button/noBackgroundCustom-background-hover COLOR",
  "component/button/noBackgroundCustom-background-active COLOR",
  "component/button/noBackgroundCustom-background-focus COLOR",
  "component/button/noBackgroundCustom-background-disabled COLOR",
  "component/button/noBackgroundCustom-background-loading COLOR",
  "component/button/noBackgroundCustom-foreground-rest COLOR",
  "component/button/noBackgroundCustom-foreground-hover COLOR",
  "component/button/noBackgroundCustom-foreground-active COLOR",
  "component/button/noBackgroundCustom-foreground-focus COLOR",
  "component/button/noBackgroundCustom-foreground-disabled COLOR",
  "component/button/noBackgroundCustom-foreground-loading COLOR",
  "component/button/noBackgroundCustom-icon-rest COLOR",
  "component/button/noBackgroundCustom-icon-hover COLOR",
  "component/button/noBackgroundCustom-icon-active COLOR",
  "component/button/noBackgroundCustom-icon-focus COLOR",
  "component/button/noBackgroundCustom-icon-disabled COLOR",
  "component/button/noBackgroundCustom-icon-loading COLOR",
  "component/button/noBackgroundCustom-focusRing-focus COLOR",
  "component/button/outline-background-rest COLOR",
  "component/button/outline-background-hover COLOR",
  "component/button/outline-background-active COLOR",
  "component/button/outline-background-focus COLOR",
  "component/button/outline-background-disabled COLOR",
  "component/button/outline-background-loading COLOR",
  "component/button/outline-foreground-rest COLOR",
  "component/button/outline-foreground-hover COLOR",
  "component/button/outline-foreground-active COLOR",
  "component/button/outline-foreground-focus COLOR",
  "component/button/outline-foreground-disabled COLOR",
  "component/button/outline-foreground-loading COLOR",
  "component/button/outline-border-rest COLOR",
  "component/button/outline-border-hover COLOR",
  "component/button/outline-border-active COLOR",
  "component/button/outline-border-focus COLOR",
  "component/button/outline-border-disabled COLOR",
  "component/button/outline-border-loading COLOR",
  "component/button/outline-icon-rest COLOR",
  "component/button/outline-icon-hover COLOR",
  "component/button/outline-icon-active COLOR",
  "component/button/outline-icon-focus COLOR",
  "component/button/outline-icon-disabled COLOR",
  "component/button/outline-icon-loading COLOR",
  "component/button/outline-focusRing-focus COLOR",
  "component/button/outlineCustom-background-rest COLOR",
  "component/button/outlineCustom-background-hover COLOR",
  "component/button/outlineCustom-background-active COLOR",
  "component/button/outlineCustom-background-focus COLOR",
  "component/button/outlineCustom-background-disabled COLOR",
  "component/button/outlineCustom-background-loading COLOR",
  "component/button/outlineCustom-foreground-rest COLOR",
  "component/button/outlineCustom-foreground-hover COLOR",
  "component/button/outlineCustom-foreground-active COLOR",
  "component/button/outlineCustom-foreground-focus COLOR",
  "component/button/outlineCustom-foreground-disabled COLOR",
  "component/button/outlineCustom-foreground-loading COLOR",
  "component/button/outlineCustom-border-rest COLOR",
  "component/button/outlineCustom-border-hover COLOR",
  "component/button/outlineCustom-border-active COLOR",
  "component/button/outlineCustom-border-focus COLOR",
  "component/button/outlineCustom-border-disabled COLOR",
  "component/button/outlineCustom-border-loading COLOR",
  "component/button/outlineCustom-icon-rest COLOR",
  "component/button/outlineCustom-icon-hover COLOR",
  "component/button/outlineCustom-icon-active COLOR",
  "component/button/outlineCustom-icon-focus COLOR",
  "component/button/outlineCustom-icon-disabled COLOR",
  "component/button/outlineCustom-icon-loading COLOR",
  "component/button/outlineCustom-focusRing-focus COLOR",
  "component/button/destructive-background-rest COLOR",
  "component/button/destructive-background-hover COLOR",
  "component/button/destructive-background-active COLOR",
  "component/button/destructive-background-focus COLOR",
  "component/button/destructive-background-disabled COLOR",
  "component/button/destructive-background-loading COLOR",
  "component/button/destructive-foreground-rest COLOR",
  "component/button/destructive-foreground-hover COLOR",
  "component/button/destructive-foreground-active COLOR",
  "component/button/destructive-foreground-focus COLOR",
  "component/button/destructive-foreground-disabled COLOR",
  "component/button/destructive-foreground-loading COLOR",
  "component/button/destructive-border-rest COLOR",
  "component/button/destructive-border-hover COLOR",
  "component/button/destructive-border-active COLOR",
  "component/button/destructive-border-focus COLOR",
  "component/button/destructive-border-disabled COLOR",
  "component/button/destructive-border-loading COLOR",
  "component/button/destructive-icon-rest COLOR",
  "component/button/destructive-icon-hover COLOR",
  "component/button/destructive-icon-active COLOR",
  "component/button/destructive-icon-focus COLOR",
  "component/button/destructive-icon-disabled COLOR",
  "component/button/destructive-icon-loading COLOR",
  "component/button/destructive-focusRing-focus COLOR",
  "component/button/destructive-gloss-rest COLOR",
  "component/button/destructive-gloss-hover COLOR",
  "component/button/destructive-gloss-active COLOR",
  "component/button/destructive-gloss-focus COLOR",
  "component/button/disabled-opacity FLOAT",
  "component/button/minWidth FLOAT",
  "component/button/minWidth-allRound FLOAT",
  "component/button/tiny-height FLOAT",
  "component/button/tiny-paddingX FLOAT",
  "component/button/tiny-paddingY FLOAT",
  "component/button/tiny-radius FLOAT",
  "component/button/tiny-iconSize FLOAT",
  "component/button/small-height FLOAT",
  "component/button/small-paddingX FLOAT",
  "component/button/small-paddingY FLOAT",
  "component/button/small-radius FLOAT",
  "component/button/small-iconSize FLOAT",
  "component/button/regular-height FLOAT",
  "component/button/regular-paddingX FLOAT",
  "component/button/regular-paddingY FLOAT",
  "component/button/regular-radius FLOAT",
  "component/button/regular-iconSize FLOAT",
  "component/button/big-height FLOAT",
  "component/button/big-paddingX FLOAT",
  "component/button/big-paddingY FLOAT",
  "component/button/big-radius FLOAT",
  "component/button/big-iconSize FLOAT",
  "component/input/background-rest COLOR",
  "component/input/background-hover COLOR",
  "component/input/background-activated COLOR",
  "component/input/background-focus COLOR",
  "component/input/background-disabled COLOR",
  "component/input/background-error COLOR",
  "component/input/foreground-rest COLOR",
  "component/input/foreground-hover COLOR",
  "component/input/foreground-activated COLOR",
  "component/input/foreground-focus COLOR",
  "component/input/foreground-disabled COLOR",
  "component/input/foreground-error COLOR",
  "component/input/border-rest COLOR",
  "component/input/border-hover COLOR",
  "component/input/border-activated COLOR",
  "component/input/border-focus COLOR",
  "component/input/border-disabled COLOR",
  "component/input/border-error COLOR",
  "component/input/placeholder-rest COLOR",
  "component/input/placeholder-disabled COLOR",
  "component/input/placeholder-error COLOR",
  "component/input/icon-rest COLOR",
  "component/input/icon-hover COLOR",
  "component/input/icon-activated COLOR",
  "component/input/icon-focus COLOR",
  "component/input/icon-disabled COLOR",
  "component/input/icon-error COLOR",
  "component/input/focusRing-focus COLOR",
  "component/input/focusRing-error COLOR",
  "component/input/shadow-rest COLOR",
  "component/input/shadow-hover COLOR",
  "component/input/shadow-activated COLOR",
  "component/input/shadow-focus COLOR",
  "component/input/shadow-disabled COLOR",
  "component/input/shadow-error COLOR",
  "component/input/shell-paddingX FLOAT",
  "component/input/shell-gap FLOAT",
  "component/input/field-paddingY FLOAT",
  "component/input/slot-paddingY FLOAT",
  "component/switch/checked-track-rest COLOR",
  "component/switch/checked-track-hover COLOR",
  "component/switch/checked-track-active COLOR",
  "component/switch/checked-track-focus COLOR",
  "component/switch/checked-track-disabled COLOR",
  "component/switch/checked-thumb-rest COLOR",
  "component/switch/checked-thumb-hover COLOR",
  "component/switch/checked-thumb-active COLOR",
  "component/switch/checked-thumb-focus COLOR",
  "component/switch/checked-thumb-disabled COLOR",
  "component/switch/checked-surface-rest COLOR",
  "component/switch/checked-surface-hover COLOR",
  "component/switch/checked-surface-active COLOR",
  "component/switch/checked-surface-focus COLOR",
  "component/switch/checked-surface-disabled COLOR",
  "component/switch/checked-gloss-rest COLOR",
  "component/switch/checked-gloss-hover COLOR",
  "component/switch/checked-gloss-active COLOR",
  "component/switch/checked-gloss-focus COLOR",
  "component/switch/checked-gloss-disabled COLOR",
  "component/switch/checked-shadow-rest COLOR",
  "component/switch/unchecked-track-rest COLOR",
  "component/switch/unchecked-track-hover COLOR",
  "component/switch/unchecked-track-active COLOR",
  "component/switch/unchecked-track-focus COLOR",
  "component/switch/unchecked-track-disabled COLOR",
  "component/switch/unchecked-thumb-rest COLOR",
  "component/switch/unchecked-thumb-hover COLOR",
  "component/switch/unchecked-thumb-active COLOR",
  "component/switch/unchecked-thumb-focus COLOR",
  "component/switch/unchecked-thumb-disabled COLOR",
  "component/switch/unchecked-shadow-rest COLOR",
  "component/switch/regular-width FLOAT",
  "component/switch/regular-height FLOAT",
  "component/switch/small-height FLOAT",
  "component/switch/regular-thumbSize FLOAT",
  "component/switch/small-thumbSize FLOAT",
  "component/switch/track-padding FLOAT",
  "component/segmentator/nested-background-rest COLOR",
  "component/segmentator/nested-background-disabled COLOR",
  "component/segmentator/nested-foreground-rest COLOR",
  "component/segmentator/nested-foreground-hover COLOR",
  "component/segmentator/nested-foreground-selected COLOR",
  "component/segmentator/nested-foreground-active COLOR",
  "component/segmentator/nested-foreground-disabled COLOR",
  "component/segmentator/nested-item-rest COLOR",
  "component/segmentator/nested-item-hover COLOR",
  "component/segmentator/nested-item-selected COLOR",
  "component/segmentator/nested-item-active COLOR",
  "component/segmentator/nested-item-disabled COLOR",
  "component/segmentator/nested-thumb-hover COLOR",
  "component/segmentator/nested-thumb-selected COLOR",
  "component/segmentator/nested-thumb-active COLOR",
  "component/segmentator/nested-shadow-rest COLOR",
  "component/segmentator/nested-shadow-hover COLOR",
  "component/segmentator/nested-shadow-selected COLOR",
  "component/segmentator/nested-shadow-active COLOR",
  "component/segmentator/nested-shadow-disabled COLOR",
  "component/segmentator/tiled-background-rest COLOR",
  "component/segmentator/tiled-background-disabled COLOR",
  "component/segmentator/tiled-foreground-rest COLOR",
  "component/segmentator/tiled-foreground-hover COLOR",
  "component/segmentator/tiled-foreground-selected COLOR",
  "component/segmentator/tiled-foreground-active COLOR",
  "component/segmentator/tiled-foreground-disabled COLOR",
  "component/segmentator/tiled-item-rest COLOR",
  "component/segmentator/tiled-item-hover COLOR",
  "component/segmentator/tiled-item-selected COLOR",
  "component/segmentator/tiled-item-active COLOR",
  "component/segmentator/tiled-item-disabled COLOR",
  "component/segmentator/tiled-thumb-hover COLOR",
  "component/segmentator/tiled-thumb-selected COLOR",
  "component/segmentator/tiled-thumb-active COLOR",
  "component/segmentator/tiled-shadow-rest COLOR",
  "component/segmentator/tiled-shadow-hover COLOR",
  "component/segmentator/tiled-shadow-selected COLOR",
  "component/segmentator/tiled-shadow-active COLOR",
  "component/segmentator/tiled-shadow-disabled COLOR",
  "component/segmentator/group-radius FLOAT",
  "component/segmentator/group-gap FLOAT",
  "component/segmentator/group-padding FLOAT",
  "component/segmentator/item-gap FLOAT",
  "component/segmentator/nested-radius FLOAT",
  "component/segmentator/tiled-radius FLOAT",
  "component/tab/default-background-rest COLOR",
  "component/tab/default-background-hover COLOR",
  "component/tab/default-background-selected COLOR",
  "component/tab/default-background-active COLOR",
  "component/tab/default-background-disabled COLOR",
  "component/tab/default-foreground-rest COLOR",
  "component/tab/default-foreground-hover COLOR",
  "component/tab/default-foreground-selected COLOR",
  "component/tab/default-foreground-active COLOR",
  "component/tab/default-foreground-disabled COLOR",
  "component/tab/default-indicator-hover COLOR",
  "component/tab/default-indicator-selected COLOR",
  "component/tab/default-indicator-active COLOR",
  "component/tab/default-icon-rest COLOR",
  "component/tab/default-icon-hover COLOR",
  "component/tab/default-icon-selected COLOR",
  "component/tab/default-icon-active COLOR",
  "component/tab/default-icon-disabled COLOR",
  "component/tab/card-background-rest COLOR",
  "component/tab/card-background-hover COLOR",
  "component/tab/card-background-selected COLOR",
  "component/tab/card-background-active COLOR",
  "component/tab/card-background-disabled COLOR",
  "component/tab/card-foreground-rest COLOR",
  "component/tab/card-foreground-hover COLOR",
  "component/tab/card-foreground-selected COLOR",
  "component/tab/card-foreground-active COLOR",
  "component/tab/card-foreground-disabled COLOR",
  "component/tab/card-indicator-hover COLOR",
  "component/tab/card-indicator-selected COLOR",
  "component/tab/card-indicator-active COLOR",
  "component/tab/card-ear-rest COLOR",
  "component/tab/card-ear-hover COLOR",
  "component/tab/card-ear-selected COLOR",
  "component/tab/card-ear-active COLOR",
  "component/tab/card-ear-disabled COLOR",
  "component/tab/card-icon-rest COLOR",
  "component/tab/card-icon-hover COLOR",
  "component/tab/card-icon-selected COLOR",
  "component/tab/card-icon-active COLOR",
  "component/tab/card-icon-disabled COLOR",
  "component/tab/tiled-background-rest COLOR",
  "component/tab/tiled-background-hover COLOR",
  "component/tab/tiled-background-selected COLOR",
  "component/tab/tiled-background-active COLOR",
  "component/tab/tiled-background-disabled COLOR",
  "component/tab/tiled-foreground-rest COLOR",
  "component/tab/tiled-foreground-hover COLOR",
  "component/tab/tiled-foreground-selected COLOR",
  "component/tab/tiled-foreground-active COLOR",
  "component/tab/tiled-foreground-disabled COLOR",
  "component/tab/tiled-indicator-hover COLOR",
  "component/tab/tiled-indicator-selected COLOR",
  "component/tab/tiled-indicator-active COLOR",
  "component/tab/tiled-icon-rest COLOR",
  "component/tab/tiled-icon-hover COLOR",
  "component/tab/tiled-icon-selected COLOR",
  "component/tab/tiled-icon-active COLOR",
  "component/tab/tiled-icon-disabled COLOR",
  "component/tab/indicator-height FLOAT",
  "component/tab/indicator-radius FLOAT",
  "component/tab/list-gap FLOAT",
  "component/tab/item-radius FLOAT",
  "component/tab/item-paddingX FLOAT",
  "component/tab/card-earSize FLOAT",
  "component/badge/theme-background-rest COLOR",
  "component/badge/theme-background-hover COLOR",
  "component/badge/theme-background-disabled COLOR",
  "component/badge/theme-foreground-rest COLOR",
  "component/badge/theme-foreground-hover COLOR",
  "component/badge/theme-foreground-disabled COLOR",
  "component/badge/theme-border-rest COLOR",
  "component/badge/theme-border-disabled COLOR",
  "component/badge/theme-icon-rest COLOR",
  "component/badge/theme-icon-hover COLOR",
  "component/badge/theme-icon-disabled COLOR",
  "component/badge/info-background-rest COLOR",
  "component/badge/info-background-hover COLOR",
  "component/badge/info-background-disabled COLOR",
  "component/badge/info-foreground-rest COLOR",
  "component/badge/info-foreground-hover COLOR",
  "component/badge/info-foreground-disabled COLOR",
  "component/badge/info-border-rest COLOR",
  "component/badge/info-border-disabled COLOR",
  "component/badge/info-icon-rest COLOR",
  "component/badge/info-icon-hover COLOR",
  "component/badge/info-icon-disabled COLOR",
  "component/badge/fail-background-rest COLOR",
  "component/badge/fail-background-hover COLOR",
  "component/badge/fail-background-disabled COLOR",
  "component/badge/fail-foreground-rest COLOR",
  "component/badge/fail-foreground-hover COLOR",
  "component/badge/fail-foreground-disabled COLOR",
  "component/badge/fail-border-rest COLOR",
  "component/badge/fail-border-disabled COLOR",
  "component/badge/fail-icon-rest COLOR",
  "component/badge/fail-icon-hover COLOR",
  "component/badge/fail-icon-disabled COLOR",
  "component/badge/warning-background-rest COLOR",
  "component/badge/warning-background-hover COLOR",
  "component/badge/warning-background-disabled COLOR",
  "component/badge/warning-foreground-rest COLOR",
  "component/badge/warning-foreground-hover COLOR",
  "component/badge/warning-foreground-disabled COLOR",
  "component/badge/warning-border-rest COLOR",
  "component/badge/warning-border-disabled COLOR",
  "component/badge/warning-icon-rest COLOR",
  "component/badge/warning-icon-hover COLOR",
  "component/badge/warning-icon-disabled COLOR",
  "component/badge/success-background-rest COLOR",
  "component/badge/success-background-hover COLOR",
  "component/badge/success-background-disabled COLOR",
  "component/badge/success-foreground-rest COLOR",
  "component/badge/success-foreground-hover COLOR",
  "component/badge/success-foreground-disabled COLOR",
  "component/badge/success-border-rest COLOR",
  "component/badge/success-border-disabled COLOR",
  "component/badge/success-icon-rest COLOR",
  "component/badge/success-icon-hover COLOR",
  "component/badge/success-icon-disabled COLOR",
  "component/badge/normal-background-rest COLOR",
  "component/badge/normal-background-hover COLOR",
  "component/badge/normal-background-disabled COLOR",
  "component/badge/normal-foreground-rest COLOR",
  "component/badge/normal-foreground-hover COLOR",
  "component/badge/normal-foreground-disabled COLOR",
  "component/badge/normal-border-rest COLOR",
  "component/badge/normal-border-disabled COLOR",
  "component/badge/normal-icon-rest COLOR",
  "component/badge/normal-icon-hover COLOR",
  "component/badge/normal-icon-disabled COLOR",
  "component/badge/icon-size FLOAT",
  "component/badge/radius FLOAT",
  "component/badge/paddingX FLOAT",
  "component/tag/caption-background-rest COLOR",
  "component/tag/caption-background-hover COLOR",
  "component/tag/caption-background-active COLOR",
  "component/tag/caption-background-disabled COLOR",
  "component/tag/caption-foreground-rest COLOR",
  "component/tag/caption-foreground-hover COLOR",
  "component/tag/caption-foreground-active COLOR",
  "component/tag/caption-foreground-disabled COLOR",
  "component/tag/caption-border-rest COLOR",
  "component/tag/caption-border-hover COLOR",
  "component/tag/caption-border-active COLOR",
  "component/tag/caption-border-disabled COLOR",
  "component/tag/caption-icon-rest COLOR",
  "component/tag/caption-icon-hover COLOR",
  "component/tag/caption-icon-active COLOR",
  "component/tag/caption-icon-disabled COLOR",
  "component/tag/text-background-rest COLOR",
  "component/tag/text-background-hover COLOR",
  "component/tag/text-background-active COLOR",
  "component/tag/text-background-disabled COLOR",
  "component/tag/text-foreground-rest COLOR",
  "component/tag/text-foreground-hover COLOR",
  "component/tag/text-foreground-active COLOR",
  "component/tag/text-foreground-disabled COLOR",
  "component/tag/text-border-rest COLOR",
  "component/tag/text-border-hover COLOR",
  "component/tag/text-border-active COLOR",
  "component/tag/text-border-disabled COLOR",
  "component/tag/text-icon-rest COLOR",
  "component/tag/text-icon-hover COLOR",
  "component/tag/text-icon-active COLOR",
  "component/tag/text-icon-disabled COLOR",
  "component/tag/radius FLOAT",
  "component/tag/paddingX FLOAT",
  "component/tag/gap FLOAT",
  "component/alert/info-background-rest COLOR",
  "component/alert/info-foreground-rest COLOR",
  "component/alert/info-foreground-hover COLOR",
  "component/alert/info-border-rest COLOR",
  "component/alert/info-icon-rest COLOR",
  "component/alert/info-title-rest COLOR",
  "component/alert/warning-background-rest COLOR",
  "component/alert/warning-foreground-rest COLOR",
  "component/alert/warning-foreground-hover COLOR",
  "component/alert/warning-border-rest COLOR",
  "component/alert/warning-icon-rest COLOR",
  "component/alert/warning-title-rest COLOR",
  "component/alert/error-background-rest COLOR",
  "component/alert/error-foreground-rest COLOR",
  "component/alert/error-foreground-hover COLOR",
  "component/alert/error-border-rest COLOR",
  "component/alert/error-icon-rest COLOR",
  "component/alert/error-title-rest COLOR",
  "component/alert/success-background-rest COLOR",
  "component/alert/success-foreground-rest COLOR",
  "component/alert/success-foreground-hover COLOR",
  "component/alert/success-border-rest COLOR",
  "component/alert/success-icon-rest COLOR",
  "component/alert/success-title-rest COLOR",
  "component/alert/neutral-background-rest COLOR",
  "component/alert/neutral-foreground-rest COLOR",
  "component/alert/neutral-foreground-hover COLOR",
  "component/alert/neutral-border-rest COLOR",
  "component/alert/neutral-icon-rest COLOR",
  "component/alert/neutral-title-rest COLOR",
  "component/alert/radius FLOAT",
  "component/alert/paddingX FLOAT",
  "component/alert/paddingY FLOAT",
  "component/alert/gap FLOAT",
]
`;
